// Jest Snapshot v1, https://goo.gl/fbAQLP

exports[`renders component 1`] = `
ShallowWrapper {
  "length": 1,
  Symbol(enzyme.__root__): [Circular],
  Symbol(enzyme.__unrendered__): <ShoplistForm />,
  Symbol(enzyme.__renderer__): Object {
    "batchedUpdates": [Function],
    "getNode": [Function],
    "render": [Function],
    "simulateEvent": [Function],
    "unmount": [Function],
  },
  Symbol(enzyme.__node__): Object {
    "instance": null,
    "key": undefined,
    "nodeType": "class",
    "props": Object {
      "children": Array [
        <TextField
          disabled={false}
          floatingLabelFixed={false}
          floatingLabelFocusStyle={
            Object {
              "color": "#9c27b0",
            }
          }
          floatingLabelText="Title"
          fullWidth={false}
          hintText="Title of shoplist"
          multiLine={false}
          onChange={undefined}
          rows={1}
          type="text"
          underlineFocusStyle={
            Object {
              "borderColor": "#9c27b0",
            }
          }
          underlineShow={true}
          value={undefined}
        />,
        <TextField
          disabled={false}
          floatingLabelFixed={false}
          floatingLabelFocusStyle={
            Object {
              "color": "#9c27b0",
            }
          }
          floatingLabelText="Item"
          fullWidth={false}
          hintText="Item name"
          multiLine={false}
          onChange={[Function]}
          rows={1}
          type="text"
          underlineFocusStyle={
            Object {
              "borderColor": "#9c27b0",
            }
          }
          underlineShow={true}
          value=""
        />,
        <CategorySelectField
          categories={Array []}
          handleCategoryChange={[Function]}
          value="fruitsvegetables"
        />,
        <RaisedButton
          backgroundColor="#9c27b0"
          disabled={true}
          fullWidth={false}
          label="Add item"
          labelColor="white"
          labelPosition="after"
          onClick={[Function]}
          primary={false}
          secondary={false}
          type="button"
        />,
      ],
    },
    "ref": null,
    "rendered": Array [
      Object {
        "instance": null,
        "key": undefined,
        "nodeType": "class",
        "props": Object {
          "disabled": false,
          "floatingLabelFixed": false,
          "floatingLabelFocusStyle": Object {
            "color": "#9c27b0",
          },
          "floatingLabelText": "Title",
          "fullWidth": false,
          "hintText": "Title of shoplist",
          "multiLine": false,
          "onChange": undefined,
          "rows": 1,
          "type": "text",
          "underlineFocusStyle": Object {
            "borderColor": "#9c27b0",
          },
          "underlineShow": true,
          "value": undefined,
        },
        "ref": null,
        "rendered": null,
        "type": [Function],
      },
      Object {
        "instance": null,
        "key": undefined,
        "nodeType": "class",
        "props": Object {
          "disabled": false,
          "floatingLabelFixed": false,
          "floatingLabelFocusStyle": Object {
            "color": "#9c27b0",
          },
          "floatingLabelText": "Item",
          "fullWidth": false,
          "hintText": "Item name",
          "multiLine": false,
          "onChange": [Function],
          "rows": 1,
          "type": "text",
          "underlineFocusStyle": Object {
            "borderColor": "#9c27b0",
          },
          "underlineShow": true,
          "value": "",
        },
        "ref": null,
        "rendered": null,
        "type": [Function],
      },
      Object {
        "instance": null,
        "key": undefined,
        "nodeType": "function",
        "props": Object {
          "categories": Array [],
          "handleCategoryChange": [Function],
          "value": "fruitsvegetables",
        },
        "ref": null,
        "rendered": null,
        "type": [Function],
      },
      Object {
        "instance": null,
        "key": undefined,
        "nodeType": "class",
        "props": Object {
          "backgroundColor": "#9c27b0",
          "disabled": true,
          "fullWidth": false,
          "label": "Add item",
          "labelColor": "white",
          "labelPosition": "after",
          "onClick": [Function],
          "primary": false,
          "secondary": false,
          "type": "button",
        },
        "ref": null,
        "rendered": null,
        "type": [Function],
      },
    ],
    "type": [Function],
  },
  Symbol(enzyme.__nodes__): Array [
    Object {
      "instance": null,
      "key": undefined,
      "nodeType": "class",
      "props": Object {
        "children": Array [
          <TextField
            disabled={false}
            floatingLabelFixed={false}
            floatingLabelFocusStyle={
              Object {
                "color": "#9c27b0",
              }
            }
            floatingLabelText="Title"
            fullWidth={false}
            hintText="Title of shoplist"
            multiLine={false}
            onChange={undefined}
            rows={1}
            type="text"
            underlineFocusStyle={
              Object {
                "borderColor": "#9c27b0",
              }
            }
            underlineShow={true}
            value={undefined}
          />,
          <TextField
            disabled={false}
            floatingLabelFixed={false}
            floatingLabelFocusStyle={
              Object {
                "color": "#9c27b0",
              }
            }
            floatingLabelText="Item"
            fullWidth={false}
            hintText="Item name"
            multiLine={false}
            onChange={[Function]}
            rows={1}
            type="text"
            underlineFocusStyle={
              Object {
                "borderColor": "#9c27b0",
              }
            }
            underlineShow={true}
            value=""
          />,
          <CategorySelectField
            categories={Array []}
            handleCategoryChange={[Function]}
            value="fruitsvegetables"
          />,
          <RaisedButton
            backgroundColor="#9c27b0"
            disabled={true}
            fullWidth={false}
            label="Add item"
            labelColor="white"
            labelPosition="after"
            onClick={[Function]}
            primary={false}
            secondary={false}
            type="button"
          />,
        ],
      },
      "ref": null,
      "rendered": Array [
        Object {
          "instance": null,
          "key": undefined,
          "nodeType": "class",
          "props": Object {
            "disabled": false,
            "floatingLabelFixed": false,
            "floatingLabelFocusStyle": Object {
              "color": "#9c27b0",
            },
            "floatingLabelText": "Title",
            "fullWidth": false,
            "hintText": "Title of shoplist",
            "multiLine": false,
            "onChange": undefined,
            "rows": 1,
            "type": "text",
            "underlineFocusStyle": Object {
              "borderColor": "#9c27b0",
            },
            "underlineShow": true,
            "value": undefined,
          },
          "ref": null,
          "rendered": null,
          "type": [Function],
        },
        Object {
          "instance": null,
          "key": undefined,
          "nodeType": "class",
          "props": Object {
            "disabled": false,
            "floatingLabelFixed": false,
            "floatingLabelFocusStyle": Object {
              "color": "#9c27b0",
            },
            "floatingLabelText": "Item",
            "fullWidth": false,
            "hintText": "Item name",
            "multiLine": false,
            "onChange": [Function],
            "rows": 1,
            "type": "text",
            "underlineFocusStyle": Object {
              "borderColor": "#9c27b0",
            },
            "underlineShow": true,
            "value": "",
          },
          "ref": null,
          "rendered": null,
          "type": [Function],
        },
        Object {
          "instance": null,
          "key": undefined,
          "nodeType": "function",
          "props": Object {
            "categories": Array [],
            "handleCategoryChange": [Function],
            "value": "fruitsvegetables",
          },
          "ref": null,
          "rendered": null,
          "type": [Function],
        },
        Object {
          "instance": null,
          "key": undefined,
          "nodeType": "class",
          "props": Object {
            "backgroundColor": "#9c27b0",
            "disabled": true,
            "fullWidth": false,
            "label": "Add item",
            "labelColor": "white",
            "labelPosition": "after",
            "onClick": [Function],
            "primary": false,
            "secondary": false,
            "type": "button",
          },
          "ref": null,
          "rendered": null,
          "type": [Function],
        },
      ],
      "type": [Function],
    },
  ],
  Symbol(enzyme.__options__): Object {
    "adapter": ReactSixteenAdapter {
      "options": Object {
        "enableComponentDidUpdateOnSetState": true,
      },
    },
  },
}
`;
